[cathyguo.net/index.html]
[backblue.gif]
[fade.gif]
[index.html]
[cathyguo.net/about.html]
[cathyguo.net/words.html]
[cathyguo.net/images.html]
[cathyguo.net/index.html]
[cathyguo.net/about.html]
[cathyguo.net/words.html]
[cathyguo.net/images.html]
[cathyguo.net/hope.html]
[cathyguo.net/the-master-key.html]
[cathyguo.net/leaving-the-seashore.html]
[cathyguo.net/there-is-the-kind-of-love-that-disarms-us.html]
[cathyguo.net/the-prayer-i-said.html]
[cathyguo.net/we-once-dreamed-the-same-dream.html]
[cathyguo.net/on-suburbia.html]
[cathyguo.net/on-bangalore.html]
[cathyguo.net/on-leaving.html]
[cathyguo.net/on-signs.html]
[cathyguo.net/on-waiting.html]
[cathyguo.net/on-excavation.html]
[cathyguo.net/binsar.html]
[cathyguo.net/invisible-men.html]
[cathyguo.net/discovery-of-india.html]
[cathyguo.net/undoing-the-cypher.html]
[cathyguo.net/hope.html]
[cathyguo.net/the-master-key.html]
[cathyguo.net/leaving-the-seashore.html]
[cathyguo.net/there-is-the-kind-of-love-that-disarms-us.html]
[cathyguo.net/the-prayer-i-said.html]
[cathyguo.net/we-once-dreamed-the-same-dream.html]
[cathyguo.net/on-suburbia.html]
[cathyguo.net/on-bangalore.html]
[cathyguo.net/on-leaving.html]
[cathyguo.net/on-signs.html]
[cathyguo.net/on-waiting.html]
[cathyguo.net/on-excavation.html]
[cathyguo.net/binsar.html]
[cathyguo.net/invisible-men.html]
[cathyguo.net/discovery-of-india.html]
[cathyguo.net/undoing-the-cypher.html]
[cathyguo.net/first-principles.html]
[cathyguo.net/first-principles.html]
